
 **** DERIVATIVE DATABASE ****    
+DDB, Version number    100401

 C diamond DDB file                                                                                                                                                                                                                                                      

    usepaw         0
     natom         2
      nkpt         8
    nsppol         1
      nsym         1
    ntypat         1
    occopt         1
     nband         8
     acell  0.67034680500000D+01  0.67034680500000D+01  0.67034680500000D+01
       amu  0.12011000000000D+02
   dilatmx  0.10000000000000D+01
      ecut  0.20000000000000D+02
    ecutsm  0.50000000000000D+00
     intxc         0
      iscf         7
       ixc         1
       kpt  0.00000000000000D+00  0.00000000000000D+00  0.00000000000000D+00
            0.50000000000000D+00  0.00000000000000D+00  0.00000000000000D+00
            0.00000000000000D+00  0.50000000000000D+00  0.00000000000000D+00
            0.50000000000000D+00  0.50000000000000D+00  0.00000000000000D+00
            0.00000000000000D+00  0.00000000000000D+00  0.50000000000000D+00
            0.50000000000000D+00  0.00000000000000D+00  0.50000000000000D+00
            0.00000000000000D+00  0.50000000000000D+00  0.50000000000000D+00
            0.50000000000000D+00  0.50000000000000D+00  0.50000000000000D+00
    kptnrm  0.10000000000000D+01
     ngfft        20   20   20
    nspden         1
   nspinor         1
       occ  0.20000000000000D+01  0.20000000000000D+01  0.20000000000000D+01
            0.20000000000000D+01  0.00000000000000D+00  0.00000000000000D+00
            0.00000000000000D+00  0.00000000000000D+00
     rprim  0.00000000000000D+00  0.50000000000000D+00  0.50000000000000D+00
            0.50000000000000D+00  0.00000000000000D+00  0.50000000000000D+00
            0.50000000000000D+00  0.50000000000000D+00  0.00000000000000D+00
  dfpt_sciss  0.00000000000000D+00
    spinat  0.00000000000000D+00  0.00000000000000D+00  0.00000000000000D+00
            0.00000000000000D+00  0.00000000000000D+00  0.00000000000000D+00
    symafm         1
    symrel         1    0    0    0    1    0    0    0    1
     tnons  0.00000000000000D+00  0.00000000000000D+00  0.00000000000000D+00
    tolwfr  0.10000000000000D+01
   tphysel  0.00000000000000D+00
    tsmear  0.10000000000000D-01
     typat         1    1
       wtk  0.12500000000000D+00  0.12500000000000D+00  0.12500000000000D+00
            0.12500000000000D+00  0.12500000000000D+00  0.12500000000000D+00
            0.12500000000000D+00  0.12500000000000D+00
      xred  0.00000000000000D+00  0.00000000000000D+00  0.00000000000000D+00
            0.25000000000000D+00  0.25000000000000D+00  0.25000000000000D+00
     znucl  0.60000000000000D+01
      zion  0.40000000000000D+01
 
  Description of the potentials (KB energies)
  vrsio8 (for pseudopotentials)=100401
  usepaw =  0
  dimekb =  1       lmnmax=  1
  Atom type=    1   pspso=  0   nekb=   1
  iln lpsang iproj  ekb(:)
     1     0     1     4.9214663E+00
 
 **** Database of total energy derivatives ****
 Number of data blocks=    2
  
 2nd derivatives (non-stat.)  - # elements :      36
 qpt  0.00000000E+00  0.00000000E+00  0.00000000E+00   1.0
   1   1   1   1  0.13616105201870D+02  0.00000000000000D+00
   2   1   1   1  0.68080526355611D+01  0.00000000000000D+00
   3   1   1   1  0.68080526848667D+01  0.00000000000000D+00
   1   2   1   1 -0.13616102125067D+02  0.21180275447042D-16
   2   2   1   1 -0.68080511031152D+01 -0.33188834487859D-16
   3   2   1   1 -0.68080510297486D+01  0.30727404332027D-16
   1   1   2   1  0.68080526792739D+01  0.00000000000000D+00
   2   1   2   1  0.13616105093252D+02  0.00000000000000D+00
   3   1   2   1  0.68080526300766D+01  0.00000000000000D+00
   1   2   2   1 -0.68080510445683D+01 -0.33188834487859D-16
   2   2   2   1 -0.13616102149669D+02 -0.30658272684770D-16
   3   2   2   1 -0.68080510653690D+01  0.48099595177262D-17
   1   1   3   1  0.68080526654566D+01  0.00000000000000D+00
   2   1   3   1  0.68080526252523D+01  0.00000000000000D+00
   3   1   3   1  0.13616105004504D+02  0.00000000000000D+00
   1   2   3   1 -0.68080510696333D+01  0.30727404332027D-16
   2   2   3   1 -0.68080510934928D+01  0.48099595177262D-17
   3   2   3   1 -0.13616102090668D+02 -0.17207090294342D-16
   1   1   1   2 -0.13616102125598D+02 -0.21180275447042D-16
   2   1   1   2 -0.68080511112405D+01  0.33188834487859D-16
   3   1   1   2 -0.68080510469875D+01 -0.30727404332027D-16
   1   2   1   2  0.13616104911605D+02  0.00000000000000D+00
   2   2   1   2  0.68080524933899D+01  0.00000000000000D+00
   3   2   1   2  0.68080525457152D+01  0.00000000000000D+00
   1   1   2   2 -0.68080510869738D+01  0.33188834487859D-16
   2   1   2   2 -0.13616102151823D+02  0.30658272684770D-16
   3   1   2   2 -0.68080510895286D+01 -0.48099595177262D-17
   1   2   2   2  0.68080525333801D+01  0.00000000000000D+00
   2   2   2   2  0.13616105038733D+02  0.00000000000000D+00
   3   2   2   2  0.68080525403668D+01  0.00000000000000D+00
   1   1   3   2 -0.68080510860528D+01 -0.30727404332027D-16
   2   1   3   2 -0.68080510855645D+01 -0.48099595177262D-17
   3   1   3   2 -0.13616102091883D+02  0.17207090294342D-16
   1   2   3   2  0.68080525405329D+01  0.00000000000000D+00
   2   2   3   2  0.68080525425572D+01  0.00000000000000D+00
   3   2   3   2  0.13616104903986D+02  0.00000000000000D+00
  
 2nd derivatives (non-stat.)  - # elements :      36
 qpt  5.00000000E-01  5.00000000E-01  0.00000000E+00   1.0
   1   1   1   1  0.11760441692220D+02  0.00000000000000D+00
   2   1   1   1  0.75020738854446D+01  0.30490195397272D-15
   3   1   1   1  0.42583679335962D+01  0.38576554294463D-14
   1   2   1   1 -0.56316004916639D-07 -0.32923001896451D-14
   2   2   1   1 -0.22183690057813D+01  0.50126461979915D-14
   3   2   1   1 -0.22183689943403D+01 -0.97861886684736D-15
   1   1   2   1  0.75020738834106D+01 -0.87423116020194D-15
   2   1   2   1  0.11760441592519D+02  0.00000000000000D+00
   3   1   2   1  0.42583679133859D+01 -0.84944628031842D-15
   1   2   2   1 -0.22183689716614D+01 -0.33518256511350D-15
   2   2   2   1 -0.50277355411038D-07 -0.67323910010714D-15
   3   2   2   1 -0.22183689945096D+01 -0.91945781816683D-15
   1   1   3   1  0.42583679365432D+01 -0.38811015964710D-14
   2   1   3   1  0.42583679193350D+01 -0.24049954472580D-14
   3   1   3   1  0.85167355378242D+01  0.00000000000000D+00
   1   2   3   1 -0.22183690015367D+01 -0.49520820568228D-14
   2   2   3   1 -0.22183690027224D+01 -0.19481606560610D-14
   3   2   3   1 -0.44367378665907D+01 -0.44373303193262D-14
   1   1   1   2 -0.58146486008954D-07  0.14162737166650D-14
   2   1   1   2 -0.22183689729089D+01 -0.33026389666003D-14
   3   1   1   2 -0.22183689919748D+01 -0.19382851062182D-14
   1   2   1   2  0.11760441411841D+02  0.00000000000000D+00
   2   2   1   2  0.75020737618159D+01  0.54708826153262D-15
   3   2   1   2  0.42583678248165D+01  0.23039142556225D-14
   1   1   2   2 -0.22183690079750D+01 -0.11405420469258D-13
   2   1   2   2 -0.47639555873952D-07 -0.60908212238961D-14
   3   1   2   2 -0.22183689878563D+01  0.12080017091703D-14
   1   2   2   2  0.75020737554140D+01 -0.81755313417290D-14
   2   2   2   2  0.11760441556701D+02  0.00000000000000D+00
   3   2   2   2  0.42583678508335D+01  0.85623656125389D-15
   1   1   3   2 -0.22183690033812D+01 -0.11694949968776D-13
   2   1   3   2 -0.22183690099590D+01 -0.61839461817067D-14
   3   1   3   2 -0.44367378664606D+01 -0.11025949724403D-14
   1   2   3   2  0.42583678300390D+01 -0.20499354573701D-14
   2   2   3   2  0.42583678583106D+01  0.23109881915619D-14
   3   2   3   2  0.85167354600991D+01  0.00000000000000D+00

 List of bloks and their characteristics 
  
 2nd derivatives (non-stat.)  - # elements :      36
 qpt  0.00000000E+00  0.00000000E+00  0.00000000E+00   1.0
  
 2nd derivatives (non-stat.)  - # elements :      36
 qpt  5.00000000E-01  5.00000000E-01  0.00000000E+00   1.0
