
 **** DERIVATIVE DATABASE ****    
+DDB, Version number    100401

 He BCC conventional cell  DDB file                                                                                                                                                                                                                                      

    usepaw         0
     natom         2
      nkpt         4
    nsppol         1
      nsym         1
    ntypat         1
    occopt         1
     nband         8
     acell  0.43000000000000D+01  0.43000000000000D+01  0.43000000000000D+01
       amu  0.40026020000000D+01
   dilatmx  0.10000000000000D+01
      ecut  0.80000000000000D+01
    ecutsm  0.00000000000000D+00
     intxc         0
      iscf         7
       ixc         1
       kpt  0.00000000000000D+00  0.50000000000000D+00  0.00000000000000D+00
            0.50000000000000D+00  0.00000000000000D+00  0.00000000000000D+00
            0.00000000000000D+00  0.00000000000000D+00  0.50000000000000D+00
            0.50000000000000D+00  0.50000000000000D+00  0.50000000000000D+00
    kptnrm  0.10000000000000D+01
     ngfft        12   12   12
    nspden         1
   nspinor         1
       occ  0.20000000000000D+01  0.20000000000000D+01  0.00000000000000D+00
            0.00000000000000D+00  0.00000000000000D+00  0.00000000000000D+00
            0.00000000000000D+00  0.00000000000000D+00
     rprim  0.10000000000000D+01  0.00000000000000D+00  0.00000000000000D+00
            0.00000000000000D+00  0.10000000000000D+01  0.00000000000000D+00
            0.00000000000000D+00  0.00000000000000D+00  0.10000000000000D+01
  dfpt_sciss  0.00000000000000D+00
    spinat  0.00000000000000D+00  0.00000000000000D+00  0.00000000000000D+00
            0.00000000000000D+00  0.00000000000000D+00  0.00000000000000D+00
    symafm         1
    symrel         1    0    0    0    1    0    0    0    1
     tnons  0.00000000000000D+00  0.00000000000000D+00  0.00000000000000D+00
    tolwfr  0.10000000000000D+01
   tphysel  0.00000000000000D+00
    tsmear  0.10000000000000D-01
     typat         1    1
       wtk  0.25000000000000D+00  0.25000000000000D+00  0.25000000000000D+00
            0.25000000000000D+00
      xred  0.00000000000000D+00  0.00000000000000D+00  0.00000000000000D+00
            0.50000000000000D+00  0.50000000000000D+00  0.50000000000000D+00
     znucl  0.20000000000000D+01
      zion  0.20000000000000D+01
 
  Description of the potentials (KB energies)
  vrsio8 (for pseudopotentials)=100401
  usepaw =  0
  dimekb =  1       lmnmax=  1
  Atom type=    1   pspso=  0   nekb=   0
  iln lpsang iproj  ekb(:)
 
 **** Database of total energy derivatives ****
 Number of data blocks=    4
  
 2nd derivatives (non-stat.)  - # elements :      36
 qpt  0.00000000E+00  0.00000000E+00  0.00000000E+00   1.0
   1   1   1   1  0.77957737021018D+00  0.00000000000000D+00
   2   1   1   1  0.69247455106696D-13  0.00000000000000D+00
   3   1   1   1 -0.55224815639295D-12  0.00000000000000D+00
   1   2   1   1 -0.77957697413555D+00  0.00000000000000D+00
   2   2   1   1  0.20818187512693D-11  0.00000000000000D+00
   3   2   1   1  0.24763872821276D-11  0.00000000000000D+00
   1   1   2   1  0.13896581461670D-12  0.00000000000000D+00
   2   1   2   1  0.77957736953915D+00  0.00000000000000D+00
   3   1   2   1 -0.65190153963841D-12  0.00000000000000D+00
   1   2   2   1  0.20560194817352D-11  0.00000000000000D+00
   2   2   2   1 -0.77957697372318D+00  0.00000000000000D+00
   3   2   2   1  0.23417566309235D-11  0.00000000000000D+00
   1   1   3   1 -0.74230296166532D-12  0.00000000000000D+00
   2   1   3   1 -0.91211401363223D-12  0.00000000000000D+00
   3   1   3   1  0.77957737283092D+00  0.00000000000000D+00
   1   2   3   1  0.25936577253259D-11  0.00000000000000D+00
   2   2   3   1  0.24856640961056D-11  0.00000000000000D+00
   3   2   3   1 -0.77957697555403D+00  0.00000000000000D+00
   1   1   1   2 -0.77957697413554D+00  0.00000000000000D+00
   2   1   1   2  0.20778915978608D-11  0.00000000000000D+00
   3   1   1   2  0.24730511494004D-11  0.00000000000000D+00
   1   2   1   2  0.77957736973997D+00  0.00000000000000D+00
   2   2   1   2 -0.72720375528225D-12  0.00000000000000D+00
   3   2   1   2 -0.22433236789133D-12  0.00000000000000D+00
   1   1   2   2  0.20597862722891D-11  0.00000000000000D+00
   2   1   2   2 -0.77957697372318D+00  0.00000000000000D+00
   3   1   2   2  0.23442354290725D-11  0.00000000000000D+00
   1   2   2   2 -0.65590006449238D-12  0.00000000000000D+00
   2   2   2   2  0.77957736906870D+00  0.00000000000000D+00
   3   2   2   2  0.13910163307872D-13  0.00000000000000D+00
   1   1   3   2  0.25969442765216D-11  0.00000000000000D+00
   2   1   3   2  0.24828017785510D-11  0.00000000000000D+00
   3   1   3   2 -0.77957697555404D+00  0.00000000000000D+00
   1   2   3   2 -0.40935802128569D-12  0.00000000000000D+00
   2   2   3   2 -0.24106459758155D-12  0.00000000000000D+00
   3   2   3   2  0.77957737236341D+00  0.00000000000000D+00
  
 2nd derivatives (non-stat.)  - # elements :      36
 qpt  0.00000000E+00  5.00000000E-01  5.00000000E-01   1.0
   1   1   1   1  0.25559079502859D+01  0.00000000000000D+00
   2   1   1   1 -0.99194947189370D-10  0.33627109805212D-16
   3   1   1   1 -0.61235685841929D-10  0.19398709100604D-15
   1   2   1   1 -0.41819734649015D-10 -0.15333845643657D-15
   2   2   1   1  0.12664844503431D-09 -0.20570136197676D-15
   3   2   1   1  0.14863925445375D-09  0.36802030142047D-17
   1   1   2   1  0.70726573630400D-11 -0.81525796130593D-16
   2   1   2   1  0.28832862714723D+01  0.00000000000000D+00
   3   1   2   1  0.38914152227368D-08  0.74875846518145D-16
   1   2   2   1 -0.11881990259511D-10  0.16917711730519D-16
   2   2   2   1 -0.36291290192853D-08 -0.34531056089030D-16
   3   2   2   1 -0.16028284000229D+01 -0.44441778621668D-16
   1   1   3   1 -0.11383529443997D-10 -0.15252360230089D-15
   2   1   3   1  0.37285355941888D-08 -0.39206465936663D-15
   3   1   3   1  0.28832862786331D+01  0.00000000000000D+00
   1   2   3   1 -0.11281828186648D-10  0.11991250105186D-15
   2   2   3   1 -0.16028284048749D+01  0.44897048293710D-15
   3   2   3   1 -0.34505320452516D-08  0.17827089818797D-15
   1   1   1   2 -0.41819764220815D-10  0.16322541312836D-15
   2   1   1   2  0.12669395174020D-09 -0.24473495445968D-16
   3   1   1   2  0.14860024941824D-09 -0.21835471005243D-16
   1   2   1   2  0.25559079498890D+01  0.00000000000000D+00
   2   2   1   2 -0.99806653881857D-10  0.18327971370344D-16
   3   2   1   2 -0.60950359205883D-10 -0.12220009687347D-16
   1   1   2   2 -0.11926226174856D-10 -0.27133145924552D-15
   2   1   2   2 -0.36291285000736D-08  0.16690836091456D-15
   3   1   2   2 -0.16028284000238D+01  0.52345534421513D-16
   1   2   2   2  0.64538715468815D-11 -0.12013306617317D-15
   2   2   2   2  0.28832862710934D+01  0.00000000000000D+00
   3   2   2   2  0.38920317213911D-08 -0.12293836218018D-15
   1   1   3   2 -0.11250621639211D-10 -0.10750022693763D-15
   2   1   3   2 -0.16028284048740D+01 -0.18131992155041D-15
   3   1   3   2 -0.34505328051955D-08 -0.16248078630977D-15
   1   2   3   2 -0.11097584678677D-10 -0.16430270598108D-15
   2   2   3   2  0.37291481183095D-08  0.26763374518758D-15
   3   2   3   2  0.28832862782553D+01  0.00000000000000D+00
  
 2nd derivatives (non-stat.)  - # elements :      36
 qpt  5.00000000E-01  0.00000000E+00  5.00000000E-01   1.0
   1   1   1   1  0.28832862775663D+01  0.00000000000000D+00
   2   1   1   1  0.68401867420165D-11 -0.44018893427759D-18
   3   1   1   1  0.39529131721446D-08  0.30055226640560D-15
   1   2   1   1 -0.36805927526197D-08 -0.26439894326330D-15
   2   2   1   1 -0.11591327682907D-10 -0.27120653365225D-16
   3   2   1   1 -0.16028284055251D+01  0.46042770312317D-15
   1   1   2   1 -0.87086109930005D-10  0.43769597778471D-16
   2   1   2   1  0.25559079506062D+01  0.00000000000000D+00
   3   1   2   1 -0.57988397578960D-10 -0.15745635655857D-15
   1   2   2   1  0.12011498106547D-09 -0.19350705229153D-16
   2   2   2   1 -0.42239149459790D-10  0.63128503741948D-16
   3   2   2   1  0.13780526227183D-09 -0.11712687425124D-16
   1   1   3   1  0.37807530953566D-08 -0.55974920790760D-15
   2   1   3   1 -0.10111755610045D-10 -0.14023448724603D-15
   3   1   3   1  0.28832862833703D+01  0.00000000000000D+00
   1   2   3   1 -0.16028284093338D+01  0.25469216057001D-15
   2   2   3   1 -0.11145435227869D-10 -0.68245679817802D-16
   3   2   3   1 -0.34907760136925D-08  0.28261338760280D-15
   1   1   1   2 -0.36805926047575D-08 -0.19151497814486D-15
   2   1   1   2 -0.11486171488035D-10  0.48456758348235D-17
   3   1   1   2 -0.16028284055255D+01 -0.23903110602722D-16
   1   2   1   2  0.28832862771854D+01  0.00000000000000D+00
   2   2   1   2  0.62033867655537D-11 -0.12794651448135D-15
   3   2   1   2  0.39532313812287D-08  0.33205420518857D-15
   1   1   2   2  0.12003017908615D-09  0.10997499489126D-15
   2   1   2   2 -0.42239436943956D-10 -0.39591086163258D-16
   3   1   2   2  0.13779574019577D-09 -0.13147356018666D-15
   1   2   2   2 -0.87713083971333D-10  0.27460846514182D-15
   2   2   2   2  0.25559079502101D+01  0.00000000000000D+00
   3   2   2   2 -0.57427225329712D-10 -0.15954006145004D-15
   1   1   3   2 -0.16028284093333D+01  0.83942393992051D-16
   2   1   3   2 -0.11146434544395D-10  0.20673409155574D-16
   3   1   3   2 -0.34907757390736D-08 -0.68107099884016D-15
   1   2   3   2  0.37810709876304D-08  0.21077765050791D-15
   2   2   3   2 -0.95269832826500D-11  0.59980995495740D-16
   3   2   3   2  0.28832862829936D+01  0.00000000000000D+00
  
 2nd derivatives (non-stat.)  - # elements :      36
 qpt  5.00000000E-01  5.00000000E-01  0.00000000E+00   1.0
   1   1   1   1  0.28832862530099D+01  0.00000000000000D+00
   2   1   1   1  0.37300722866903D-08 -0.11000703581121D-15
   3   1   1   1  0.45610970685524D-11  0.92671282464359D-16
   1   2   1   1 -0.34961176861771D-08  0.30452328722905D-17
   2   2   1   1 -0.16028283819106D+01  0.30015587355848D-15
   3   2   1   1 -0.12197282579302D-10  0.35189311255012D-16
   1   1   2   1  0.37259562792304D-08  0.17249531583292D-15
   2   1   2   1  0.28832862516530D+01  0.00000000000000D+00
   3   1   2   1  0.51434398470857D-11  0.14518655098826D-15
   1   2   2   1 -0.16028283808626D+01  0.54922602407599D-16
   2   2   2   1 -0.34921272045196D-08 -0.13287994068921D-15
   3   2   2   1 -0.12426772726112D-10  0.15557646847162D-15
   1   1   3   1 -0.10675367680475D-09  0.20609430893547D-16
   2   1   3   1 -0.11522285103973D-09 -0.20926166811393D-15
   3   1   3   1  0.25559079492963D+01  0.00000000000000D+00
   1   2   3   1  0.17215115565118D-09 -0.14280440746797D-15
   2   2   3   1  0.16834674166403D-09 -0.13169099820789D-15
   3   2   3   1 -0.41161784083634D-10  0.14278817448742D-15
   1   1   1   2 -0.34961184547812D-08 -0.24137107730740D-16
   2   1   1   2 -0.16028283819090D+01 -0.22604699184318D-15
   3   1   1   2 -0.12183340426223D-10  0.11917166307049D-15
   1   2   1   2  0.28832862526265D+01  0.00000000000000D+00
   2   2   1   2  0.37292932656093D-08 -0.19893422401568D-15
   3   2   1   2  0.48361105136767D-11  0.33835137426442D-16
   1   1   2   2 -0.16028283808642D+01 -0.39907817536538D-15
   2   1   2   2 -0.34921276880166D-08 -0.33285609275041D-15
   3   1   2   2 -0.12433613008435D-10 -0.44607045673942D-16
   1   2   2   2  0.37251768710734D-08  0.55277783272426D-15
   2   2   2   2  0.28832862512727D+01  0.00000000000000D+00
   3   2   2   2  0.57150817605481D-11  0.71727145281085D-16
   1   1   3   2  0.17214863208776D-09 -0.12276631543217D-15
   2   1   3   2  0.16835767437072D-09 -0.11961262238722D-16
   3   1   3   2 -0.41161830229017D-10 -0.10838347737508D-15
   1   2   3   2 -0.10648190738660D-09 -0.20424729370553D-16
   2   2   3   2 -0.11466353755442D-09  0.35001639489325D-16
   3   2   3   2  0.25559079489009D+01  0.00000000000000D+00

 List of bloks and their characteristics 
  
 2nd derivatives (non-stat.)  - # elements :      36
 qpt  0.00000000E+00  0.00000000E+00  0.00000000E+00   1.0
  
 2nd derivatives (non-stat.)  - # elements :      36
 qpt  0.00000000E+00  5.00000000E-01  5.00000000E-01   1.0
  
 2nd derivatives (non-stat.)  - # elements :      36
 qpt  5.00000000E-01  0.00000000E+00  5.00000000E-01   1.0
  
 2nd derivatives (non-stat.)  - # elements :      36
 qpt  5.00000000E-01  5.00000000E-01  0.00000000E+00   1.0
