
 **** DERIVATIVE DATABASE ****    
+DDB, Version number    100401

 He BCC primitive cell  DDB file                                                                                                                                                                                                                                         

    usepaw         0
     natom         1
      nkpt         8
    nsppol         1
      nsym         1
    ntypat         1
    occopt         1
     nband         4
     acell  0.43000000000000D+01  0.43000000000000D+01  0.43000000000000D+01
       amu  0.40026020000000D+01
   dilatmx  0.10000000000000D+01
      ecut  0.80000000000000D+01
    ecutsm  0.00000000000000D+00
     intxc         0
      iscf         7
       ixc         1
       kpt  0.25000000000000D+00  0.25000000000000D+00  0.25000000000000D+00
           -0.25000000000000D+00  0.25000000000000D+00  0.25000000000000D+00
            0.25000000000000D+00 -0.25000000000000D+00  0.25000000000000D+00
           -0.25000000000000D+00 -0.25000000000000D+00  0.25000000000000D+00
            0.25000000000000D+00  0.25000000000000D+00 -0.25000000000000D+00
           -0.25000000000000D+00  0.25000000000000D+00 -0.25000000000000D+00
            0.25000000000000D+00 -0.25000000000000D+00 -0.25000000000000D+00
           -0.25000000000000D+00 -0.25000000000000D+00 -0.25000000000000D+00
    kptnrm  0.10000000000000D+01
     ngfft        10   10   10
    nspden         1
   nspinor         1
       occ  0.20000000000000D+01  0.00000000000000D+00  0.00000000000000D+00
            0.00000000000000D+00
     rprim -0.50000000000000D+00  0.50000000000000D+00  0.50000000000000D+00
            0.50000000000000D+00 -0.50000000000000D+00  0.50000000000000D+00
            0.50000000000000D+00  0.50000000000000D+00 -0.50000000000000D+00
  dfpt_sciss  0.00000000000000D+00
    spinat  0.00000000000000D+00  0.00000000000000D+00  0.00000000000000D+00
    symafm         1
    symrel         1    0    0    0    1    0    0    0    1
     tnons  0.00000000000000D+00  0.00000000000000D+00  0.00000000000000D+00
    tolwfr  0.10000000000000D+01
   tphysel  0.00000000000000D+00
    tsmear  0.10000000000000D-01
     typat         1
       wtk  0.12500000000000D+00  0.12500000000000D+00  0.12500000000000D+00
            0.12500000000000D+00  0.12500000000000D+00  0.12500000000000D+00
            0.12500000000000D+00  0.12500000000000D+00
      xred  0.00000000000000D+00  0.00000000000000D+00  0.00000000000000D+00
     znucl  0.20000000000000D+01
      zion  0.20000000000000D+01
 
  Description of the potentials (KB energies)
  vrsio8 (for pseudopotentials)=100401
  usepaw =  0
  dimekb =  1       lmnmax=  1
  Atom type=    1   pspso=  0   nekb=   0
  iln lpsang iproj  ekb(:)
 
 **** Database of total energy derivatives ****
 Number of data blocks=    8
  
 2nd derivatives (non-stat.)  - # elements :       9
 qpt  0.00000000E+00  0.00000000E+00  0.00000000E+00   1.0
   1   1   1   1 -0.13413541744001D-06  0.00000000000000D+00
   2   1   1   1  0.44715816827079D-07  0.00000000000000D+00
   3   1   1   1  0.44706162771746D-07  0.00000000000000D+00
   1   1   2   1  0.44715932290273D-07  0.00000000000000D+00
   2   1   2   1 -0.13413572652610D-06  0.00000000000000D+00
   3   1   2   1  0.44713537761254D-07  0.00000000000000D+00
   1   1   3   1  0.44706283564011D-07  0.00000000000000D+00
   2   1   3   1  0.44713534652630D-07  0.00000000000000D+00
   3   1   3   1 -0.13413555244313D-06  0.00000000000000D+00
  
 2nd derivatives (non-stat.)  - # elements :       9
 qpt  5.00000000E-01  0.00000000E+00  0.00000000E+00   1.0
   1   1   1   1  0.28820388654725D+01  0.00000000000000D+00
   2   1   1   1 -0.63897776993738D+00  0.23973449377862D-15
   3   1   1   1 -0.63897776997062D+00 -0.86453131533072D-16
   1   1   2   1 -0.63897722125842D+00 -0.29831636805507D-15
   2   1   2   1  0.12792063475029D+01  0.00000000000000D+00
   3   1   2   1 -0.12519786628844D-02  0.20660348131862D-15
   1   1   3   1 -0.63897722129176D+00 -0.30064699687465D-15
   2   1   3   1 -0.12519786628880D-02 -0.25678056193197D-15
   3   1   3   1  0.12792063475525D+01  0.00000000000000D+00
  
 2nd derivatives (non-stat.)  - # elements :       9
 qpt  0.00000000E+00  5.00000000E-01  0.00000000E+00   1.0
   1   1   1   1  0.12792063474426D+01  0.00000000000000D+00
   2   1   1   1 -0.63897722123426D+00  0.18432748525334D-15
   3   1   1   1 -0.12519786580767D-02 -0.10915253665606D-15
   1   1   2   1 -0.63897776991331D+00 -0.18935941307216D-15
   2   1   2   1  0.28820388654759D+01  0.00000000000000D+00
   3   1   2   1 -0.63897776996533D+00  0.30330161228886D-15
   1   1   3   1 -0.12519786580762D-02  0.13030255081057D-15
   2   1   3   1 -0.63897722128631D+00 -0.46602759305339D-15
   3   1   3   1  0.12792063475418D+01  0.00000000000000D+00
  
 2nd derivatives (non-stat.)  - # elements :       9
 qpt  5.00000000E-01  5.00000000E-01  0.00000000E+00   1.0
   1   1   1   1  0.28820388860243D+01  0.00000000000000D+00
   2   1   1   1 -0.16040833829354D+01  0.15956829502406D-15
   3   1   1   1 -0.63897775156067D+00 -0.32880559527974D-15
   1   1   2   1 -0.16040833829354D+01 -0.23927604630432D-15
   2   1   2   1  0.28820388860269D+01  0.00000000000000D+00
   3   1   2   1 -0.63897775155535D+00  0.11677286734704D-15
   1   1   3   1 -0.63897720268284D+00  0.13675091015803D-15
   2   1   3   1 -0.63897720267720D+00 -0.27710574781444D-15
   3   1   3   1  0.12792063684699D+01  0.00000000000000D+00
  
 2nd derivatives (non-stat.)  - # elements :       9
 qpt  0.00000000E+00  0.00000000E+00  5.00000000E-01   1.0
   1   1   1   1  0.12792063474314D+01  0.00000000000000D+00
   2   1   1   1 -0.12519786398300D-02  0.49913347954113D-16
   3   1   1   1 -0.63897722124287D+00 -0.44511244015757D-16
   1   1   2   1 -0.12519786398273D-02  0.34455412948833D-16
   2   1   2   1  0.12792063474809D+01  0.00000000000000D+00
   3   1   2   1 -0.63897722126094D+00  0.30098308797725D-15
   1   1   3   1 -0.63897776992199D+00 -0.50701072299573D-16
   2   1   3   1 -0.63897776994013D+00 -0.27179055950490D-15
   3   1   3   1  0.28820388654778D+01  0.00000000000000D+00
  
 2nd derivatives (non-stat.)  - # elements :       9
 qpt  5.00000000E-01  0.00000000E+00  5.00000000E-01   1.0
   1   1   1   1  0.28820388860261D+01  0.00000000000000D+00
   2   1   1   1 -0.63897775152689D+00  0.41283919138903D-15
   3   1   1   1 -0.16040833829708D+01  0.15240443807995D-15
   1   1   2   1 -0.63897720264914D+00 -0.31594411321399D-15
   2   1   2   1  0.12792063684095D+01  0.00000000000000D+00
   3   1   2   1 -0.63897720265370D+00  0.31623423765686D-15
   1   1   3   1 -0.16040833829708D+01  0.12271706631527D-15
   2   1   3   1 -0.63897775153192D+00 -0.36855607567816D-15
   3   1   3   1  0.28820388860314D+01  0.00000000000000D+00
  
 2nd derivatives (non-stat.)  - # elements :       9
 qpt  0.00000000E+00  5.00000000E-01  5.00000000E-01   1.0
   1   1   1   1  0.12792063683494D+01  0.00000000000000D+00
   2   1   1   1 -0.63897720262453D+00  0.10847679809083D-15
   3   1   1   1 -0.63897720263415D+00 -0.25781622536784D-15
   1   1   2   1 -0.63897775150244D+00 -0.15200259161735D-15
   2   1   2   1  0.28820388860282D+01  0.00000000000000D+00
   3   1   2   1 -0.16040833829911D+01  0.55596454187890D-15
   1   1   3   1 -0.63897775151221D+00  0.20742769117164D-15
   2   1   3   1 -0.16040833829911D+01 -0.19804664721975D-15
   3   1   3   1  0.28820388860310D+01  0.00000000000000D+00
  
 2nd derivatives (non-stat.)  - # elements :       9
 qpt  5.00000000E-01  5.00000000E-01  5.00000000E-01   1.0
   1   1   1   1  0.11693662695945D+01  0.00000000000000D+00
   2   1   1   1 -0.38978878041702D+00  0.69987072100770D-15
   3   1   1   1 -0.38978878045273D+00 -0.84468302973609D-16
   1   1   2   1 -0.38978878041701D+00 -0.84813624040432D-15
   2   1   2   1  0.11693662696449D+01  0.00000000000000D+00
   3   1   2   1 -0.38978878047021D+00  0.13843342048207D-14
   1   1   3   1 -0.38978878045271D+00  0.85329128294443D-16
   2   1   3   1 -0.38978878047020D+00 -0.11867044193412D-14
   3   1   3   1  0.11693662696955D+01  0.00000000000000D+00

 List of bloks and their characteristics 
  
 2nd derivatives (non-stat.)  - # elements :       9
 qpt  0.00000000E+00  0.00000000E+00  0.00000000E+00   1.0
  
 2nd derivatives (non-stat.)  - # elements :       9
 qpt  5.00000000E-01  0.00000000E+00  0.00000000E+00   1.0
  
 2nd derivatives (non-stat.)  - # elements :       9
 qpt  0.00000000E+00  5.00000000E-01  0.00000000E+00   1.0
  
 2nd derivatives (non-stat.)  - # elements :       9
 qpt  5.00000000E-01  5.00000000E-01  0.00000000E+00   1.0
  
 2nd derivatives (non-stat.)  - # elements :       9
 qpt  0.00000000E+00  0.00000000E+00  5.00000000E-01   1.0
  
 2nd derivatives (non-stat.)  - # elements :       9
 qpt  5.00000000E-01  0.00000000E+00  5.00000000E-01   1.0
  
 2nd derivatives (non-stat.)  - # elements :       9
 qpt  0.00000000E+00  5.00000000E-01  5.00000000E-01   1.0
  
 2nd derivatives (non-stat.)  - # elements :       9
 qpt  5.00000000E-01  5.00000000E-01  5.00000000E-01   1.0
