
 **** DERIVATIVE DATABASE ****    
+DDB, Version number    100401

 C diamond DDB file                                                                                                                                                                                                                                                      

    usepaw         0
     natom         2
      nkpt         8
    nsppol         1
      nsym         1
    ntypat         1
    occopt         1
     nband         8
     acell  0.67034680500000D+01  0.67034680500000D+01  0.67034680500000D+01
       amu  0.12011000000000D+02
   dilatmx  0.10000000000000D+01
      ecut  0.20000000000000D+02
    ecutsm  0.50000000000000D+00
     intxc         0
      iscf         7
       ixc         1
       kpt  0.00000000000000D+00  0.00000000000000D+00  0.00000000000000D+00
            0.50000000000000D+00  0.00000000000000D+00  0.00000000000000D+00
            0.00000000000000D+00  0.50000000000000D+00  0.00000000000000D+00
            0.50000000000000D+00  0.50000000000000D+00  0.00000000000000D+00
            0.00000000000000D+00  0.00000000000000D+00  0.50000000000000D+00
            0.50000000000000D+00  0.00000000000000D+00  0.50000000000000D+00
            0.00000000000000D+00  0.50000000000000D+00  0.50000000000000D+00
            0.50000000000000D+00  0.50000000000000D+00  0.50000000000000D+00
    kptnrm  0.10000000000000D+01
     ngfft        20   20   20
    nspden         1
   nspinor         1
       occ  0.20000000000000D+01  0.20000000000000D+01  0.20000000000000D+01
            0.20000000000000D+01  0.00000000000000D+00  0.00000000000000D+00
            0.00000000000000D+00  0.00000000000000D+00
     rprim  0.00000000000000D+00  0.50000000000000D+00  0.50000000000000D+00
            0.50000000000000D+00  0.00000000000000D+00  0.50000000000000D+00
            0.50000000000000D+00  0.50000000000000D+00  0.00000000000000D+00
  dfpt_sciss  0.00000000000000D+00
    spinat  0.00000000000000D+00  0.00000000000000D+00  0.00000000000000D+00
            0.00000000000000D+00  0.00000000000000D+00  0.00000000000000D+00
    symafm         1
    symrel         1    0    0    0    1    0    0    0    1
     tnons  0.00000000000000D+00  0.00000000000000D+00  0.00000000000000D+00
    tolwfr  0.10000000000000D+01
   tphysel  0.00000000000000D+00
    tsmear  0.10000000000000D-01
     typat         1    1
       wtk  0.12500000000000D+00  0.12500000000000D+00  0.12500000000000D+00
            0.12500000000000D+00  0.12500000000000D+00  0.12500000000000D+00
            0.12500000000000D+00  0.12500000000000D+00
      xred  0.00000000000000D+00  0.00000000000000D+00  0.00000000000000D+00
            0.25000000000000D+00  0.25000000000000D+00  0.25000000000000D+00
     znucl  0.60000000000000D+01
      zion  0.40000000000000D+01
 
  Description of the potentials (KB energies)
  vrsio8 (for pseudopotentials)=100401
  usepaw =  0
  dimekb =  1       lmnmax=  1
  Atom type=    1   pspso=  0   nekb=   1
  iln lpsang iproj  ekb(:)
     1     0     1     4.9214663E+00
 
 **** Database of total energy derivatives ****
 Number of data blocks=    3
  
 2nd derivatives (non-stat.)  - # elements :      36
 qpt  0.00000000E+00  0.00000000E+00  0.00000000E+00   1.0
   1   1   1   1  0.13616101487836D+02  0.00000000000000D+00
   2   1   1   1  0.68080522212956D+01  0.00000000000000D+00
   3   1   1   1  0.68080490420724D+01  0.00000000000000D+00
   1   2   1   1 -0.13616104343485D+02  0.21180275447042D-16
   2   2   1   1 -0.68080510787010D+01 -0.33188834487859D-16
   3   2   1   1 -0.68080481633247D+01  0.30727404332027D-16
   1   1   2   1  0.68080522650822D+01  0.00000000000000D+00
   2   1   2   1  0.13616108018525D+02  0.00000000000000D+00
   3   1   2   1  0.68080499258376D+01  0.00000000000000D+00
   1   2   2   1 -0.68080529372904D+01 -0.33188834487859D-16
   2   2   2   1 -0.13616101862659D+02 -0.30658272684770D-16
   3   2   2   1 -0.68080498773574D+01  0.48099595177262D-17
   1   1   3   1  0.68080490227673D+01  0.00000000000000D+00
   2   1   3   1  0.68080499210108D+01  0.00000000000000D+00
   3   1   3   1  0.13616107084779D+02  0.00000000000000D+00
   1   2   3   1 -0.68080553128002D+01  0.30727404332027D-16
   2   2   3   1 -0.68080534429023D+01  0.48099595177262D-17
   3   2   3   1 -0.13616100210865D+02 -0.17207090294342D-16
   1   1   1   2 -0.13616104344016D+02 -0.21180275447042D-16
   2   1   1   2 -0.68080530040676D+01  0.33188834487859D-16
   3   1   1   2 -0.68080552902753D+01 -0.30727404332027D-16
   1   2   1   2  0.13616106164942D+02  0.00000000000000D+00
   2   2   1   2  0.68080521207511D+01  0.00000000000000D+00
   3   2   1   2  0.68080551155923D+01  0.00000000000000D+00
   1   1   2   2 -0.68080510625684D+01  0.33188834487859D-16
   2   1   2   2 -0.13616101864818D+02  0.30658272684770D-16
   3   1   2   2 -0.68080534390311D+01 -0.48099595177262D-17
   1   2   2   2  0.68080521607695D+01  0.00000000000000D+00
   2   2   2   2  0.13616102592030D+02  0.00000000000000D+00
   3   2   2   2  0.68080550037009D+01  0.00000000000000D+00
   1   1   3   2 -0.68080482196152D+01 -0.30727404332027D-16
   2   1   3   2 -0.68080498976537D+01 -0.48099595177262D-17
   3   1   3   2 -0.13616100212033D+02  0.17207090294342D-16
   1   2   3   2  0.68080551104398D+01  0.00000000000000D+00
   2   2   3   2  0.68080550058908D+01  0.00000000000000D+00
   3   2   3   2  0.13616105801778D+02  0.00000000000000D+00
  
 2nd derivatives (non-stat.)  - # elements :      36
 qpt  5.00000000E-01  0.00000000E+00  0.00000000E+00   1.0
   1   1   1   1  0.12668145709467D+02  0.00000000000000D+00
   2   1   1   1  0.52239517596213D+01 -0.81010560243982D-05
   3   1   1   1  0.52239502577528D+01 -0.42798417020343D-05
   1   2   1   1 -0.58301991138926D+01 -0.19843684030204D-06
   2   2   1   1 -0.43976597700836D+01 -0.12610401277559D-05
   3   2   1   1 -0.43976524253973D+01  0.36424709796937D-05
   1   1   2   1  0.52239517810576D+01  0.81119204537672D-05
   2   1   2   1  0.10447904289939D+02  0.00000000000000D+00
   3   1   2   1  0.52239511438977D+01  0.10062040696560D-04
   1   2   2   1 -0.43976547236438D+01  0.36203282938808D-05
   2   2   2   1 -0.87953004689959D+01  0.10341065027310D-04
   3   2   2   1 -0.43976464916544D+01  0.15143191971322D-04
   1   1   3   1  0.52239502717341D+01  0.42800931910715D-05
   2   1   3   1  0.52239511463378D+01 -0.10062062798380D-04
   3   1   3   1  0.10447902591824D+02  0.00000000000000D+00
   1   2   3   1 -0.43976558339800D+01 -0.25536954621967D-05
   2   2   3   1 -0.43976567242000D+01  0.34586749724513D-05
   3   2   3   1 -0.87952987594543D+01  0.37178528620041D-05
   1   1   1   2 -0.58301991132636D+01  0.21546444577561D-06
   2   1   1   2 -0.43976547287464D+01 -0.36083167276688D-05
   3   1   1   2 -0.43976558348868D+01  0.25554315645240D-05
   1   2   1   2  0.12668159067923D+02  0.00000000000000D+00
   2   2   1   2  0.52239542566277D+01  0.17803146660286D-05
   3   2   1   2  0.52239526151682D+01  0.25903312687248D-05
   1   1   2   2 -0.43976597659418D+01  0.12625239757363D-05
   2   1   2   2 -0.87953004731249D+01 -0.10341051240101D-04
   3   1   2   2 -0.43976567117269D+01 -0.34586757407679D-05
   1   2   2   2  0.52239542787159D+01 -0.17777613085367D-05
   2   2   2   2  0.10447890980883D+02  0.00000000000000D+00
   3   2   2   2  0.52239493010423D+01  0.29793416203797D-05
   1   1   3   2 -0.43976524257230D+01 -0.36336220732842D-05
   2   1   3   2 -0.43976465019371D+01 -0.15143012804700D-04
   3   1   3   2 -0.87952987639770D+01 -0.37176356950154D-05
   1   2   3   2  0.52239526279604D+01 -0.25800893340908D-05
   2   2   3   2  0.52239493038641D+01 -0.29791423073017D-05
   3   2   3   2  0.10447894550408D+02  0.00000000000000D+00
  
 2nd derivatives (non-stat.)  - # elements :      36
 qpt  5.00000000E-01  5.00000000E-01  0.00000000E+00   1.0
   1   1   1   1  0.11760437980734D+02  0.00000000000000D+00
   2   1   1   1  0.75020804624494D+01 -0.73445910016522D-05
   3   1   1   1  0.42583642765293D+01  0.40299544482271D-05
   1   2   1   1  0.57913294260066D-05 -0.13129216933982D-05
   2   2   1   1 -0.22183698187852D+01  0.36132084784116D-05
   3   2   1   1 -0.22183663194386D+01  0.45543794897008D-05
   1   1   2   1  0.75020804604120D+01  0.73446014118139D-05
   2   1   2   1  0.11760459565331D+02  0.00000000000000D+00
   3   1   2   1  0.42583724049234D+01  0.13924744258837D-04
   1   2   2   1 -0.22183742471023D+01 -0.37850286383625D-05
   2   2   2   1 -0.10035554974002D-04 -0.43901278238199D-05
   3   2   2   1 -0.22183692833502D+01  0.36785826626615D-05
   1   1   3   1  0.42583642793477D+01 -0.40308992129298D-05
   2   1   3   1  0.42583724107354D+01 -0.13925686828257D-04
   3   1   3   1  0.85167351644368D+01  0.00000000000000D+00
   1   2   3   1 -0.22183744723229D+01 -0.16151586513229D-05
   2   2   3   1 -0.22183787718531D+01  0.79540152775399D-05
   3   2   3   1 -0.44367382096069D+01  0.63484558412071D-05
   1   1   1   2  0.57894983616391D-05  0.13129182825503D-05
   2   1   1   2 -0.22183742483503D+01  0.37850256582395D-05
   3   1   1   2 -0.22183744628104D+01  0.16157634831736D-05
   1   2   1   2  0.11760434533273D+02  0.00000000000000D+00
   2   2   1   2  0.75020798490493D+01 -0.51262057155439D-05
   3   2   1   2  0.42583634944571D+01  0.11420891362690D-05
   1   1   2   2 -0.22183698209818D+01 -0.36132111149879D-05
   2   1   2   2 -0.10032919643824D-04  0.43901269678865D-05
   3   1   2   2 -0.22183787570205D+01 -0.79534115860668D-05
   1   2   2   2  0.75020798426472D+01  0.51262000465437D-05
   2   2   2   2  0.11760452103683D+02  0.00000000000000D+00
   3   2   2   2  0.42583733813121D+01  0.87641307813959D-05
   1   1   3   2 -0.22183663284667D+01 -0.45544988926306D-05
   2   1   3   2 -0.22183692987794D+01 -0.36786996243799D-05
   3   1   3   2 -0.44367382094999D+01 -0.63484366486137D-05
   1   2   3   2  0.42583634996828D+01 -0.11419790429389D-05
   2   2   3   2  0.42583733888066D+01 -0.87640238625000D-05
   3   2   3   2  0.85167369571972D+01  0.00000000000000D+00

 List of bloks and their characteristics 
  
 2nd derivatives (non-stat.)  - # elements :      36
 qpt  0.00000000E+00  0.00000000E+00  0.00000000E+00   1.0
  
 2nd derivatives (non-stat.)  - # elements :      36
 qpt  5.00000000E-01  0.00000000E+00  0.00000000E+00   1.0
  
 2nd derivatives (non-stat.)  - # elements :      36
 qpt  5.00000000E-01  5.00000000E-01  0.00000000E+00   1.0
